// Jest Snapshot v1, https://goo.gl/fbAQLP

exports[`CitiesTabs renderer OK 1`] = `
<div
  className="tabs"
>
  <section
    className="locations container"
  >
    <ul
      className="locations__list tabs__list"
    />
  </section>
</div>
`;
